Component: ARM Compiler 5.06 update 6 (build 750) Tool: armlink [4d35ed]

==============================================================================

Section Cross References

    main.o(i.accelerometer_task) refers to queue.o(i.put_q) for put_q
    main.o(i.accelerometer_task) refers to main.o(.bss) for displayQ
    main.o(i.display_task) refers to queue.o(i.get_q) for get_q
    main.o(i.display_task) refers to display.o(i.clearDOGM) for clearDOGM
    main.o(i.display_task) refers to display.o(i.prepData) for prepData
    main.o(i.display_task) refers to main.o(.bss) for displayQ
    main.o(i.display_task) refers to display.o(.constdata) for printSeq
    main.o(i.esp_task) refers to queue.o(i.get_q) for get_q
    main.o(i.esp_task) refers to esp.o(i.send_UART) for send_UART
    main.o(i.esp_task) refers to main.o(.bss) for espQ
    main.o(i.esp_task) refers to esp.o(.constdata) for Send_data_in_multiple_connection_mode
    main.o(i.main) refers to queue.o(i.init_q) for init_q
    main.o(i.main) refers to display.o(i.config_spi) for config_spi
    main.o(i.main) refers to display.o(i.resetDOGM) for resetDOGM
    main.o(i.main) refers to display.o(i.clearDOGM) for clearDOGM
    main.o(i.main) refers to display.o(i.prepData) for prepData
    main.o(i.main) refers to esp.o(i.config_UART) for config_UART
    main.o(i.main) refers to esp.o(i.config_ESP) for config_ESP
    main.o(i.main) refers to queue.o(i.put_q) for put_q
    main.o(i.main) refers to main.o(i.speaker_task) for speaker_task
    main.o(i.main) refers to main.o(i.esp_task) for esp_task
    main.o(i.main) refers to main.o(i.display_task) for display_task
    main.o(i.main) refers to main.o(i.accelerometer_task) for accelerometer_task
    main.o(i.main) refers to main.o(.bss) for displayQ
    main.o(i.main) refers to display.o(.constdata) for dogm_init_seq
    display.o(i.clearDOGM) refers to display.o(i.prepData) for prepData
    display.o(i.prepData) refers to display.o(i.sendData) for sendData
    queue.o(i.init_q) refers to h1_alloc.o(.text) for malloc
    esp.o(i.config_ESP) refers to rt_memcpy.o(.emb_text) for __aeabi_memcpy4
    esp.o(i.config_ESP) refers to esp.o(i.send_UART) for send_UART
    esp.o(i.config_ESP) refers to esp.o(.constdata) for .constdata
    startup_mkl25z4.o(STACK) refers (Special) to heapauxi.o(.text) for __use_two_region_memory
    startup_mkl25z4.o(HEAP) refers (Special) to heapauxi.o(.text) for __use_two_region_memory
    startup_mkl25z4.o(RESET) refers (Special) to heapauxi.o(.text) for __use_two_region_memory
    startup_mkl25z4.o(RESET) refers to startup_mkl25z4.o(STACK) for __initial_sp
    startup_mkl25z4.o(RESET) refers to startup_mkl25z4.o(.text) for Reset_Handler
    startup_mkl25z4.o(.ARM.__at_0x400) refers (Special) to heapauxi.o(.text) for __use_two_region_memory
    startup_mkl25z4.o(.text) refers (Special) to heapauxi.o(.text) for __use_two_region_memory
    startup_mkl25z4.o(.text) refers to system_mkl25z4.o(i.SystemInit) for SystemInit
    startup_mkl25z4.o(.text) refers to __main.o(!!!main) for __main
    startup_mkl25z4.o(.text) refers to startup_mkl25z4.o(HEAP) for Heap_Mem
    startup_mkl25z4.o(.text) refers to startup_mkl25z4.o(STACK) for Stack_Mem
    system_mkl25z4.o(i.SystemCoreClockUpdate) refers to aeabi_sdiv.o(.text) for __aeabi_uidivmod
    system_mkl25z4.o(i.SystemCoreClockUpdate) refers to system_mkl25z4.o(i.__ARM_common_switch8) for __ARM_common_switch8
    system_mkl25z4.o(i.SystemCoreClockUpdate) refers to system_mkl25z4.o(.data) for SystemCoreClock
    malloc.o(.text) refers (Special) to hguard.o(.text) for __heap$guard
    malloc.o(.text) refers (Special) to init_alloc.o(.text) for _init_alloc
    malloc.o(.text) refers to rt_heap_descriptor_intlibspace.o(.text) for __rt_heap_descriptor
    h1_alloc.o(.text) refers (Special) to h1_init.o(.text) for __Heap_Initialize
    h1_alloc.o(.text) refers to rt_heap_descriptor_intlibspace.o(.text) for __rt_heap_descriptor
    h1_alloc.o(.text) refers to init_alloc.o(.text) for __Heap_Full
    h1_alloc_mt.o(.text) refers (Special) to h1_init.o(.text) for __Heap_Initialize
    h1_alloc_mt.o(.text) refers to init_alloc.o(.text) for __Heap_Full
    h1_alloc_mt.o(.text) refers to rt_heap_descriptor_intlibspace.o(.text) for __rt_heap_descriptor
    heap2.o(i._FDIterate) refers to heap2.o(.conststring) for .conststring
    heap2.o(i.___Heap_ProvideMemory$realtime) refers to fdtree.o(i._FDTree_Delete) for _FDTree_Delete
    heap2.o(i.___Heap_ProvideMemory$realtime) refers to fdtree.o(i._FDTree_Insert) for _FDTree_Insert
    heap2.o(i.___Heap_Stats$realtime) refers to heap2.o(i._Heap2_StatsIterate) for _Heap2_StatsIterate
    heap2.o(i.___Heap_Stats$realtime) refers to aeabi_sdiv.o(.text) for __aeabi_uidivmod
    heap2.o(i.___Heap_Valid$realtime) refers to heap2.o(i._FDIterate) for _FDIterate
    heap2.o(i.___Heap_Valid$realtime) refers to heap2.o(.conststring) for .conststring
    heap2.o(i._free$realtime) refers to rt_heap_descriptor_intlibspace.o(.text) for __rt_heap_descriptor
    heap2.o(i._free$realtime) refers to fdtree.o(i._FDTree_Delete) for _FDTree_Delete
    heap2.o(i._free$realtime) refers to fdtree.o(i._FDTree_Insert) for _FDTree_Insert
    heap2.o(i._malloc$realtime) refers to rt_heap_descriptor_intlibspace.o(.text) for __rt_heap_descriptor
    heap2.o(i._malloc$realtime) refers to fdtree.o(i._FDTree_FindFirst) for _FDTree_FindFirst
    heap2.o(i._malloc$realtime) refers to init_alloc.o(.text) for __Heap_Full
    heap2.o(i._malloc$realtime) refers to fdtree.o(i._FDTree_RemoveNode) for _FDTree_RemoveNode
    heap2.o(i._malloc$realtime) refers to fdtree.o(i._FDTree_Insert) for _FDTree_Insert
    heap2.o(i._posix_memalign$realtime) refers to rt_heap_descriptor_intlibspace.o(.text) for __rt_heap_descriptor
    heap2.o(i._posix_memalign$realtime) refers to fdtree.o(i._FDTree_FindFirst) for _FDTree_FindFirst
    heap2.o(i._posix_memalign$realtime) refers to init_alloc.o(.text) for __Heap_Full
    heap2.o(i._posix_memalign$realtime) refers to fdtree.o(i._FDTree_RemoveNode) for _FDTree_RemoveNode
    heap2.o(i._posix_memalign$realtime) refers to fdtree.o(i._FDTree_Insert) for _FDTree_Insert
    heap2.o(i._realloc$realtime) refers to rt_heap_descriptor_intlibspace.o(.text) for __rt_heap_descriptor
    heap2.o(i._realloc$realtime) refers to h1_free.o(.text) for free
    heap2.o(i._realloc$realtime) refers to h1_alloc.o(.text) for malloc
    heap2.o(i._realloc$realtime) refers to fdtree.o(i._FDTree_Delete) for _FDTree_Delete
    heap2.o(i._realloc$realtime) refers to fdtree.o(i._FDTree_Insert) for _FDTree_Insert
    heap2.o(i._realloc$realtime) refers to rt_memcpy.o(.emb_text) for __aeabi_memcpy4
    heap2mt.o(i._FDIterate) refers to heap2mt.o(.conststring) for .conststring
    heap2mt.o(i.___Heap_ProvideMemory$realtime$concurrent) refers to fdtree.o(i._FDTree_Delete) for _FDTree_Delete
    heap2mt.o(i.___Heap_ProvideMemory$realtime$concurrent) refers to fdtree.o(i._FDTree_Insert) for _FDTree_Insert
    heap2mt.o(i.___Heap_Stats$realtime$concurrent) refers to heap2mt.o(i._Heap2_StatsIterate) for _Heap2_StatsIterate
    heap2mt.o(i.___Heap_Stats$realtime$concurrent) refers to aeabi_sdiv.o(.text) for __aeabi_uidivmod
    heap2mt.o(i.___Heap_Valid$realtime$concurrent) refers to heap2mt.o(i._FDIterate) for _FDIterate
    heap2mt.o(i.___Heap_Valid$realtime$concurrent) refers to heap2mt.o(.conststring) for .conststring
    heap2mt.o(i._free$realtime$concurrent) refers to rt_heap_descriptor_intlibspace.o(.text) for __rt_heap_descriptor
    heap2mt.o(i._free$realtime$concurrent) refers to fdtree.o(i._FDTree_Delete) for _FDTree_Delete
    heap2mt.o(i._free$realtime$concurrent) refers to fdtree.o(i._FDTree_Insert) for _FDTree_Insert
    heap2mt.o(i._malloc$realtime$concurrent) refers to rt_heap_descriptor_intlibspace.o(.text) for __rt_heap_descriptor
    heap2mt.o(i._malloc$realtime$concurrent) refers to fdtree.o(i._FDTree_FindFirst) for _FDTree_FindFirst
    heap2mt.o(i._malloc$realtime$concurrent) refers to init_alloc.o(.text) for __Heap_Full
    heap2mt.o(i._malloc$realtime$concurrent) refers to fdtree.o(i._FDTree_RemoveNode) for _FDTree_RemoveNode
    heap2mt.o(i._malloc$realtime$concurrent) refers to fdtree.o(i._FDTree_Insert) for _FDTree_Insert
    heap2mt.o(i._posix_memalign$realtime$concurrent) refers to rt_heap_descriptor_intlibspace.o(.text) for __rt_heap_descriptor
    heap2mt.o(i._posix_memalign$realtime$concurrent) refers to fdtree.o(i._FDTree_FindFirst) for _FDTree_FindFirst
    heap2mt.o(i._posix_memalign$realtime$concurrent) refers to init_alloc.o(.text) for __Heap_Full
    heap2mt.o(i._posix_memalign$realtime$concurrent) refers to fdtree.o(i._FDTree_RemoveNode) for _FDTree_RemoveNode
    heap2mt.o(i._posix_memalign$realtime$concurrent) refers to fdtree.o(i._FDTree_Insert) for _FDTree_Insert
    heap2mt.o(i._realloc$realtime$concurrent) refers to rt_heap_descriptor_intlibspace.o(.text) for __rt_heap_descriptor
    heap2mt.o(i._realloc$realtime$concurrent) refers to h1_free.o(.text) for free
    heap2mt.o(i._realloc$realtime$concurrent) refers to h1_alloc.o(.text) for malloc
    heap2mt.o(i._realloc$realtime$concurrent) refers to fdtree.o(i._FDTree_Delete) for _FDTree_Delete
    heap2mt.o(i._realloc$realtime$concurrent) refers to fdtree.o(i._FDTree_Insert) for _FDTree_Insert
    heap2mt.o(i._realloc$realtime$concurrent) refers to rt_memcpy.o(.emb_text) for __aeabi_memcpy4
    rt_memcpy.o(.text) refers to rt_memcpy.o(.emb_text) for __aeabi_memcpy4
    __main.o(!!!main) refers to __rtentry.o(.ARM.Collect$$rtentry$$00000000) for __rt_entry
    __rtentry.o(.ARM.Collect$$rtentry$$00000000) refers (Special) to __rtentry2.o(.ARM.Collect$$rtentry$$0000000A) for __rt_entry_li
    __rtentry.o(.ARM.Collect$$rtentry$$00000000) refers (Special) to __rtentry2.o(.ARM.Collect$$rtentry$$0000000D) for __rt_entry_main
    __rtentry.o(.ARM.Collect$$rtentry$$00000000) refers (Special) to __rtentry2.o(.ARM.Collect$$rtentry$$0000000C) for __rt_entry_postli_1
    __rtentry.o(.ARM.Collect$$rtentry$$00000000) refers (Special) to __rtentry2.o(.ARM.Collect$$rtentry$$00000009) for __rt_entry_postsh_1
    __rtentry.o(.ARM.Collect$$rtentry$$00000000) refers (Special) to __rtentry2.o(.ARM.Collect$$rtentry$$00000002) for __rt_entry_presh_1
    __rtentry.o(.ARM.Collect$$rtentry$$00000000) refers (Special) to __rtentry4.o(.ARM.Collect$$rtentry$$00000004) for __rt_entry_sh
    aeabi_idiv0_sigfpe.o(.text) refers to rt_div0.o(.text) for __rt_div0
    rt_heap_descriptor.o(.text) refers to rt_heap_descriptor.o(.bss) for __rt_heap_descriptor_data
    rt_heap_descriptor_intlibspace.o(.text) refers to libspace.o(.bss) for __libspace_start
    init_alloc.o(.text) refers (Special) to hguard.o(.text) for __heap$guard
    init_alloc.o(.text) refers (Special) to libinit2.o(.ARM.Collect$$libinit$$00000005) for __rt_lib_init_heap_2
    init_alloc.o(.text) refers (Special) to maybetermalloc1.o(.emb_text) for _maybe_terminate_alloc
    init_alloc.o(.text) refers to h1_extend.o(.text) for __Heap_ProvideMemory
    init_alloc.o(.text) refers to defsig_rtmem_outer.o(.text) for __rt_SIGRTMEM
    init_alloc.o(.text) refers to rt_heap_descriptor_intlibspace.o(.text) for __rt_heap_descriptor
    init_alloc.o(.text) refers to h1_init.o(.text) for __Heap_Initialize
    free.o(.text) refers (Special) to hguard.o(.text) for __heap$guard
    free.o(.text) refers to rt_heap_descriptor_intlibspace.o(.text) for __rt_heap_descriptor
    h1_free.o(.text) refers to rt_heap_descriptor_intlibspace.o(.text) for __rt_heap_descriptor
    h1_free_mt.o(.text) refers to rt_heap_descriptor_intlibspace.o(.text) for __rt_heap_descriptor
    _get_argv.o(.text) refers (Special) to hrguard.o(.text) for __heap_region$guard
    _get_argv.o(.text) refers to h1_alloc.o(.text) for malloc
    _get_argv.o(.text) refers to defsig_rtmem_outer.o(.text) for __rt_SIGRTMEM
    _get_argv.o(.text) refers to sys_command.o(.text) for _sys_command_string
    libinit2.o(.ARM.Collect$$libinit$$00000005) refers (Weak) to init_alloc.o(.text) for _init_alloc
    libinit2.o(.ARM.Collect$$libinit$$00000010) refers to libinit2.o(.ARM.Collect$$libinit$$0000000F) for .ARM.Collect$$libinit$$0000000F
    libinit2.o(.ARM.Collect$$libinit$$00000012) refers to libinit2.o(.ARM.Collect$$libinit$$0000000F) for .ARM.Collect$$libinit$$0000000F
    libinit2.o(.ARM.Collect$$libinit$$00000014) refers to libinit2.o(.ARM.Collect$$libinit$$0000000F) for .ARM.Collect$$libinit$$0000000F
    libinit2.o(.ARM.Collect$$libinit$$00000016) refers to libinit2.o(.ARM.Collect$$libinit$$0000000F) for .ARM.Collect$$libinit$$0000000F
    libinit2.o(.ARM.Collect$$libinit$$00000018) refers to libinit2.o(.ARM.Collect$$libinit$$0000000F) for .ARM.Collect$$libinit$$0000000F
    libinit2.o(.ARM.Collect$$libinit$$00000026) refers to argv_veneer.o(.text) for __ARM_argv_veneer
    libinit2.o(.ARM.Collect$$libinit$$00000027) refers to argv_veneer.o(.text) for __ARM_argv_veneer
    sys_command.o(.text) refers (Special) to use_no_semi.o(.text) for __I$use$semihosting
    sys_command.o(.text) refers (Special) to indicate_semi.o(.text) for __semihosting_library_function
    libspace.o(.text) refers to libspace.o(.bss) for __libspace_start
    __rtentry2.o(.ARM.Collect$$rtentry$$00000008) refers to boardinit2.o(.text) for _platform_post_stackheap_init
    __rtentry2.o(.ARM.Collect$$rtentry$$0000000A) refers to libinit.o(.ARM.Collect$$libinit$$00000000) for __rt_lib_init
    __rtentry2.o(.ARM.Collect$$rtentry$$0000000B) refers to boardinit3.o(.text) for _platform_post_lib_init
    __rtentry2.o(.ARM.Collect$$rtentry$$0000000D) refers to main.o(i.main) for main
    __rtentry2.o(.ARM.Collect$$rtentry$$0000000D) refers to exit.o(.text) for exit
    __rtentry2.o(.ARM.exidx) refers to __rtentry2.o(.ARM.Collect$$rtentry$$00000001) for .ARM.Collect$$rtentry$$00000001
    __rtentry2.o(.ARM.exidx) refers to __rtentry2.o(.ARM.Collect$$rtentry$$00000008) for .ARM.Collect$$rtentry$$00000008
    __rtentry2.o(.ARM.exidx) refers to __rtentry2.o(.ARM.Collect$$rtentry$$0000000A) for .ARM.Collect$$rtentry$$0000000A
    __rtentry2.o(.ARM.exidx) refers to __rtentry2.o(.ARM.Collect$$rtentry$$0000000B) for .ARM.Collect$$rtentry$$0000000B
    __rtentry2.o(.ARM.exidx) refers to __rtentry2.o(.ARM.Collect$$rtentry$$0000000D) for .ARM.Collect$$rtentry$$0000000D
    __rtentry4.o(.ARM.Collect$$rtentry$$00000004) refers to sys_stackheap_outer.o(.text) for __user_setup_stackheap
    __rtentry4.o(.ARM.exidx) refers to __rtentry4.o(.ARM.Collect$$rtentry$$00000004) for .ARM.Collect$$rtentry$$00000004
    rt_div0.o(.text) refers to defsig_fpe_outer.o(.text) for __rt_SIGFPE
    maybetermalloc2.o(.emb_text) refers (Special) to term_alloc.o(.text) for _terminate_alloc
    h1_extend.o(.text) refers to h1_free.o(.text) for free
    h1_extend_mt.o(.text) refers to h1_free_mt.o(.text) for _free_internal
    defsig_rtmem_outer.o(.text) refers to defsig_rtmem_inner.o(.text) for __rt_SIGRTMEM_inner
    defsig_rtmem_outer.o(.text) refers to defsig_exit.o(.text) for __sig_exit
    defsig_rtmem_formal.o(.text) refers to rt_raise.o(.text) for __rt_raise
    heapauxa.o(.text) refers to heapauxa.o(.data) for .data
    sys_stackheap_outer.o(.text) refers to libspace.o(.text) for __user_perproc_libspace
    sys_stackheap_outer.o(.text) refers to startup_mkl25z4.o(.text) for __user_initial_stackheap
    sys_stackheap_outer.o(__vectab_stack_and_reset_area) refers to tempstk.o(.text) for __temporary_stack_top
    sys_stackheap_outer.o(__vectab_stack_and_reset_area) refers to __main.o(!!!main) for __main
    rt_raise.o(.text) refers to __raise.o(.text) for __raise
    rt_raise.o(.text) refers to sys_exit.o(.text) for _sys_exit
    term_alloc.o(.text) refers (Special) to libshutdown2.o(.ARM.Collect$$libshutdown$$0000000E) for __rt_lib_shutdown_heap_2
    term_alloc.o(.text) refers to rt_heap_descriptor_intlibspace.o(.text) for __rt_heap_descriptor
    exit.o(.text) refers to rtexit.o(.ARM.Collect$$rtexit$$00000000) for __rt_exit
    defsig_exit.o(.text) refers to sys_exit.o(.text) for _sys_exit
    defsig_fpe_outer.o(.text) refers to defsig_fpe_inner.o(.text) for __rt_SIGFPE_inner
    defsig_fpe_outer.o(.text) refers to defsig_exit.o(.text) for __sig_exit
    defsig_fpe_formal.o(.text) refers to rt_raise.o(.text) for __rt_raise
    defsig_rtmem_inner.o(.text) refers to defsig_general.o(.text) for __default_signal_display
    _get_argv_nomalloc.o(.text) refers (Special) to hrguard.o(.text) for __heap_region$guard
    _get_argv_nomalloc.o(.text) refers to defsig_rtmem_outer.o(.text) for __rt_SIGRTMEM
    _get_argv_nomalloc.o(.text) refers to sys_command.o(.text) for _sys_command_string
    libinit.o(.ARM.Collect$$libinit$$00000000) refers (Special) to libinit2.o(.ARM.Collect$$libinit$$0000002E) for __rt_lib_init_alloca_1
    libinit.o(.ARM.Collect$$libinit$$00000000) refers (Special) to libinit2.o(.ARM.Collect$$libinit$$0000002C) for __rt_lib_init_argv_1
    libinit.o(.ARM.Collect$$libinit$$00000000) refers (Special) to libinit2.o(.ARM.Collect$$libinit$$0000001B) for __rt_lib_init_atexit_1
    libinit.o(.ARM.Collect$$libinit$$00000000) refers (Special) to libinit2.o(.ARM.Collect$$libinit$$00000021) for __rt_lib_init_clock_1
    libinit.o(.ARM.Collect$$libinit$$00000000) refers (Special) to libinit2.o(.ARM.Collect$$libinit$$00000032) for __rt_lib_init_cpp_1
    libinit.o(.ARM.Collect$$libinit$$00000000) refers (Special) to libinit2.o(.ARM.Collect$$libinit$$00000030) for __rt_lib_init_exceptions_1
    libinit.o(.ARM.Collect$$libinit$$00000000) refers (Special) to libinit2.o(.ARM.Collect$$libinit$$00000002) for __rt_lib_init_fp_1
    libinit.o(.ARM.Collect$$libinit$$00000000) refers (Special) to libinit2.o(.ARM.Collect$$libinit$$0000001F) for __rt_lib_init_fp_trap_1
    libinit.o(.ARM.Collect$$libinit$$00000000) refers (Special) to libinit2.o(.ARM.Collect$$libinit$$00000023) for __rt_lib_init_getenv_1
    libinit.o(.ARM.Collect$$libinit$$00000000) refers (Special) to libinit2.o(.ARM.Collect$$libinit$$0000000A) for __rt_lib_init_heap_1
    libinit.o(.ARM.Collect$$libinit$$00000000) refers (Special) to libinit2.o(.ARM.Collect$$libinit$$00000011) for __rt_lib_init_lc_collate_1
    libinit.o(.ARM.Collect$$libinit$$00000000) refers (Special) to libinit2.o(.ARM.Collect$$libinit$$00000013) for __rt_lib_init_lc_ctype_1
    libinit.o(.ARM.Collect$$libinit$$00000000) refers (Special) to libinit2.o(.ARM.Collect$$libinit$$00000015) for __rt_lib_init_lc_monetary_1
    libinit.o(.ARM.Collect$$libinit$$00000000) refers (Special) to libinit2.o(.ARM.Collect$$libinit$$00000017) for __rt_lib_init_lc_numeric_1
    libinit.o(.ARM.Collect$$libinit$$00000000) refers (Special) to libinit2.o(.ARM.Collect$$libinit$$00000019) for __rt_lib_init_lc_time_1
    libinit.o(.ARM.Collect$$libinit$$00000000) refers (Special) to libinit2.o(.ARM.Collect$$libinit$$00000004) for __rt_lib_init_preinit_1
    libinit.o(.ARM.Collect$$libinit$$00000000) refers (Special) to libinit2.o(.ARM.Collect$$libinit$$0000000E) for __rt_lib_init_rand_1
    libinit.o(.ARM.Collect$$libinit$$00000000) refers (Special) to libinit2.o(.ARM.Collect$$libinit$$00000033) for __rt_lib_init_return
    libinit.o(.ARM.Collect$$libinit$$00000000) refers (Special) to libinit2.o(.ARM.Collect$$libinit$$0000001D) for __rt_lib_init_signal_1
    libinit.o(.ARM.Collect$$libinit$$00000000) refers (Special) to libinit2.o(.ARM.Collect$$libinit$$00000025) for __rt_lib_init_stdio_1
    libinit.o(.ARM.Collect$$libinit$$00000000) refers (Special) to libinit2.o(.ARM.Collect$$libinit$$0000000C) for __rt_lib_init_user_alloc_1
    sys_exit.o(.text) refers (Special) to use_no_semi.o(.text) for __I$use$semihosting
    sys_exit.o(.text) refers (Special) to indicate_semi.o(.text) for __semihosting_library_function
    rtexit.o(.ARM.Collect$$rtexit$$00000000) refers (Special) to rtexit2.o(.ARM.Collect$$rtexit$$00000004) for __rt_exit_exit
    rtexit.o(.ARM.Collect$$rtexit$$00000000) refers (Special) to rtexit2.o(.ARM.Collect$$rtexit$$00000003) for __rt_exit_ls
    rtexit.o(.ARM.Collect$$rtexit$$00000000) refers (Special) to rtexit2.o(.ARM.Collect$$rtexit$$00000002) for __rt_exit_prels_1
    rtexit.o(.ARM.exidx) refers (Special) to rtexit2.o(.ARM.Collect$$rtexit$$00000004) for __rt_exit_exit
    rtexit.o(.ARM.exidx) refers (Special) to rtexit2.o(.ARM.Collect$$rtexit$$00000003) for __rt_exit_ls
    rtexit.o(.ARM.exidx) refers (Special) to rtexit2.o(.ARM.Collect$$rtexit$$00000002) for __rt_exit_prels_1
    rtexit.o(.ARM.exidx) refers to rtexit.o(.ARM.Collect$$rtexit$$00000000) for .ARM.Collect$$rtexit$$00000000
    __raise.o(.text) refers to defsig.o(CL$$defsig) for __default_signal_handler
    defsig_general.o(.text) refers to sys_wrch.o(.text) for _ttywrch
    defsig_fpe_inner.o(.text) refers to defsig_general.o(.text) for __default_signal_display
    libshutdown2.o(.ARM.Collect$$libshutdown$$0000000D) refers (Weak) to term_alloc.o(.text) for _terminate_alloc
    sys_wrch.o(.text) refers (Special) to use_no_semi.o(.text) for __I$use$semihosting
    sys_wrch.o(.text) refers (Special) to indicate_semi.o(.text) for __semihosting_library_function
    rtexit2.o(.ARM.Collect$$rtexit$$00000003) refers to libshutdown.o(.ARM.Collect$$libshutdown$$00000000) for __rt_lib_shutdown
    rtexit2.o(.ARM.Collect$$rtexit$$00000004) refers to sys_exit.o(.text) for _sys_exit
    rtexit2.o(.ARM.exidx) refers to rtexit2.o(.ARM.Collect$$rtexit$$00000001) for .ARM.Collect$$rtexit$$00000001
    rtexit2.o(.ARM.exidx) refers to rtexit2.o(.ARM.Collect$$rtexit$$00000003) for .ARM.Collect$$rtexit$$00000003
    rtexit2.o(.ARM.exidx) refers to rtexit2.o(.ARM.Collect$$rtexit$$00000004) for .ARM.Collect$$rtexit$$00000004
    defsig.o(CL$$defsig) refers to defsig_fpe_inner.o(.text) for __rt_SIGFPE_inner
    defsig.o(CL$$defsig) refers to defsig_rtmem_inner.o(.text) for __rt_SIGRTMEM_inner
    defsig_abrt_inner.o(.text) refers to defsig_general.o(.text) for __default_signal_display
    defsig_rtred_inner.o(.text) refers to defsig_general.o(.text) for __default_signal_display
    defsig_stak_inner.o(.text) refers to defsig_general.o(.text) for __default_signal_display
    defsig_pvfn_inner.o(.text) refers to defsig_general.o(.text) for __default_signal_display
    defsig_cppl_inner.o(.text) refers to defsig_general.o(.text) for __default_signal_display
    defsig_segv_inner.o(.text) refers to defsig_general.o(.text) for __default_signal_display
    defsig_other.o(.text) refers to defsig_general.o(.text) for __default_signal_display
    libshutdown.o(.ARM.Collect$$libshutdown$$00000000) refers (Special) to libshutdown2.o(.ARM.Collect$$libshutdown$$00000002) for __rt_lib_shutdown_cpp_1
    libshutdown.o(.ARM.Collect$$libshutdown$$00000000) refers (Special) to libshutdown2.o(.ARM.Collect$$libshutdown$$00000007) for __rt_lib_shutdown_fp_trap_1
    libshutdown.o(.ARM.Collect$$libshutdown$$00000000) refers (Special) to libshutdown2.o(.ARM.Collect$$libshutdown$$0000000F) for __rt_lib_shutdown_heap_1
    libshutdown.o(.ARM.Collect$$libshutdown$$00000000) refers (Special) to libshutdown2.o(.ARM.Collect$$libshutdown$$00000010) for __rt_lib_shutdown_return
    libshutdown.o(.ARM.Collect$$libshutdown$$00000000) refers (Special) to libshutdown2.o(.ARM.Collect$$libshutdown$$0000000A) for __rt_lib_shutdown_signal_1
    libshutdown.o(.ARM.Collect$$libshutdown$$00000000) refers (Special) to libshutdown2.o(.ARM.Collect$$libshutdown$$00000004) for __rt_lib_shutdown_stdio_1
    libshutdown.o(.ARM.Collect$$libshutdown$$00000000) refers (Special) to libshutdown2.o(.ARM.Collect$$libshutdown$$0000000C) for __rt_lib_shutdown_user_alloc_1


==============================================================================

Removing Unused input sections from the image.

    Removing main.o(.rev16_text), (4 bytes).
    Removing main.o(.revsh_text), (4 bytes).
    Removing display.o(.rev16_text), (4 bytes).
    Removing display.o(.revsh_text), (4 bytes).
    Removing queue.o(.rev16_text), (4 bytes).
    Removing queue.o(.revsh_text), (4 bytes).
    Removing esp.o(.rev16_text), (4 bytes).
    Removing esp.o(.revsh_text), (4 bytes).
    Removing system_mkl25z4.o(.rev16_text), (4 bytes).
    Removing system_mkl25z4.o(.revsh_text), (4 bytes).
    Removing system_mkl25z4.o(i.SystemCoreClockUpdate), (400 bytes).
    Removing system_mkl25z4.o(.data), (4 bytes).
    Removing system_mkl25z4.o(i.__ARM_common_switch8), (28 bytes).

13 unused section(s) (total 472 bytes) removed from the image.

==============================================================================

Image Symbol Table

    Local Symbols

    Symbol Name                              Value     Ov Type        Size  Object(Section)

    RESET                                    0x00000000   Section      192  startup_mkl25z4.o(RESET)
    ../clib/angel/boardlib.s                 0x00000000   Number         0  boardinit2.o ABSOLUTE
    ../clib/angel/boardlib.s                 0x00000000   Number         0  boardshut.o ABSOLUTE
    ../clib/angel/boardlib.s                 0x00000000   Number         0  boardinit1.o ABSOLUTE
    ../clib/angel/boardlib.s                 0x00000000   Number         0  boardinit3.o ABSOLUTE
    ../clib/angel/handlers.s                 0x00000000   Number         0  __scatter_zi.o ABSOLUTE
    ../clib/angel/kernel.s                   0x00000000   Number         0  rtexit2.o ABSOLUTE
    ../clib/angel/kernel.s                   0x00000000   Number         0  __rtentry.o ABSOLUTE
    ../clib/angel/kernel.s                   0x00000000   Number         0  __rtentry2.o ABSOLUTE
    ../clib/angel/kernel.s                   0x00000000   Number         0  __rtentry4.o ABSOLUTE
    ../clib/angel/kernel.s                   0x00000000   Number         0  rtexit.o ABSOLUTE
    ../clib/angel/rt.s                       0x00000000   Number         0  rt_heap_descriptor_intlibspace.o ABSOLUTE
    ../clib/angel/rt.s                       0x00000000   Number         0  rt_raise.o ABSOLUTE
    ../clib/angel/rt.s                       0x00000000   Number         0  rt_heap_descriptor.o ABSOLUTE
    ../clib/angel/rt.s                       0x00000000   Number         0  aeabi_idiv0_sigfpe.o ABSOLUTE
    ../clib/angel/rt.s                       0x00000000   Number         0  aeabi_idiv0.o ABSOLUTE
    ../clib/angel/rt.s                       0x00000000   Number         0  rt_div0.o ABSOLUTE
    ../clib/angel/scatterp.s                 0x00000000   Number         0  __scatter.o ABSOLUTE
    ../clib/angel/startup.s                  0x00000000   Number         0  __main.o ABSOLUTE
    ../clib/angel/sys.s                      0x00000000   Number         0  sys_stackheap_outer.o ABSOLUTE
    ../clib/angel/sys.s                      0x00000000   Number         0  libspace.o ABSOLUTE
    ../clib/angel/sys.s                      0x00000000   Number         0  use_no_semi.o ABSOLUTE
    ../clib/angel/sys.s                      0x00000000   Number         0  mutex_dummy.o ABSOLUTE
    ../clib/angel/sys.s                      0x00000000   Number         0  tempstk.o ABSOLUTE
    ../clib/angel/sys.s                      0x00000000   Number         0  indicate_semi.o ABSOLUTE
    ../clib/angel/sysapp.c                   0x00000000   Number         0  sys_wrch.o ABSOLUTE
    ../clib/angel/sysapp.c                   0x00000000   Number         0  sys_exit.o ABSOLUTE
    ../clib/angel/sysapp.c                   0x00000000   Number         0  sys_command.o ABSOLUTE
    ../clib/armsys.c                         0x00000000   Number         0  argv_veneer.o ABSOLUTE
    ../clib/armsys.c                         0x00000000   Number         0  _get_argv.o ABSOLUTE
    ../clib/armsys.c                         0x00000000   Number         0  no_argv.o ABSOLUTE
    ../clib/armsys.c                         0x00000000   Number         0  _get_argv_nomalloc.o ABSOLUTE
    ../clib/division.s                       0x00000000   Number         0  aeabi_sdiv_div0.o ABSOLUTE
    ../clib/division.s                       0x00000000   Number         0  aeabi_sdiv.o ABSOLUTE
    ../clib/heap1.c                          0x00000000   Number         0  h1_final_mt.o ABSOLUTE
    ../clib/heap1.c                          0x00000000   Number         0  h1_extend_mt.o ABSOLUTE
    ../clib/heap1.c                          0x00000000   Number         0  h1_extend.o ABSOLUTE
    ../clib/heap1.c                          0x00000000   Number         0  h1_final.o ABSOLUTE
    ../clib/heap1.c                          0x00000000   Number         0  h1_alloc.o ABSOLUTE
    ../clib/heap1.c                          0x00000000   Number         0  h1_alloc_mt.o ABSOLUTE
    ../clib/heap1.c                          0x00000000   Number         0  h1_free_mt.o ABSOLUTE
    ../clib/heap1.c                          0x00000000   Number         0  h1_init.o ABSOLUTE
    ../clib/heap1.c                          0x00000000   Number         0  h1_free.o ABSOLUTE
    ../clib/heap1.c                          0x00000000   Number         0  h1_init_mt.o ABSOLUTE
    ../clib/heap2.c                          0x00000000   Number         0  heap2mt.o ABSOLUTE
    ../clib/heap2.c                          0x00000000   Number         0  fdtree.o ABSOLUTE
    ../clib/heap2.c                          0x00000000   Number         0  heap2.o ABSOLUTE
    ../clib/heapalloc.c                      0x00000000   Number         0  init_alloc.o ABSOLUTE
    ../clib/heapalloc.c                      0x00000000   Number         0  maybetermalloc2.o ABSOLUTE
    ../clib/heapalloc.c                      0x00000000   Number         0  free.o ABSOLUTE
    ../clib/heapalloc.c                      0x00000000   Number         0  heapstubs.o ABSOLUTE
    ../clib/heapalloc.c                      0x00000000   Number         0  hrguard.o ABSOLUTE
    ../clib/heapalloc.c                      0x00000000   Number         0  maybetermalloc1.o ABSOLUTE
    ../clib/heapalloc.c                      0x00000000   Number         0  maybetermalloc1.o ABSOLUTE
    ../clib/heapalloc.c                      0x00000000   Number         0  maybetermalloc2.o ABSOLUTE
    ../clib/heapalloc.c                      0x00000000   Number         0  malloc.o ABSOLUTE
    ../clib/heapalloc.c                      0x00000000   Number         0  term_alloc.o ABSOLUTE
    ../clib/heapalloc.c                      0x00000000   Number         0  hguard.o ABSOLUTE
    ../clib/heapaux.c                        0x00000000   Number         0  heapauxi.o ABSOLUTE
    ../clib/heapaux.c                        0x00000000   Number         0  heapauxa.o ABSOLUTE
    ../clib/libinit.s                        0x00000000   Number         0  libinit.o ABSOLUTE
    ../clib/libinit.s                        0x00000000   Number         0  libshutdown.o ABSOLUTE
    ../clib/libinit.s                        0x00000000   Number         0  libshutdown2.o ABSOLUTE
    ../clib/libinit.s                        0x00000000   Number         0  libinit2.o ABSOLUTE
    ../clib/memcpset.c                       0x00000000   Number         0  rt_memcpy.o ABSOLUTE
    ../clib/memcpset.c                       0x00000000   Number         0  rt_memcpy.o ABSOLUTE
    ../clib/signal.c                         0x00000000   Number         0  defsig_other.o ABSOLUTE
    ../clib/signal.c                         0x00000000   Number         0  defsig_segv_inner.o ABSOLUTE
    ../clib/signal.c                         0x00000000   Number         0  defsig_cppl_inner.o ABSOLUTE
    ../clib/signal.c                         0x00000000   Number         0  defsig_pvfn_inner.o ABSOLUTE
    ../clib/signal.c                         0x00000000   Number         0  defsig_stak_inner.o ABSOLUTE
    ../clib/signal.c                         0x00000000   Number         0  defsig_rtmem_formal.o ABSOLUTE
    ../clib/signal.c                         0x00000000   Number         0  defsig_rtmem_outer.o ABSOLUTE
    ../clib/signal.c                         0x00000000   Number         0  defsig_exit.o ABSOLUTE
    ../clib/signal.c                         0x00000000   Number         0  defsig_fpe_outer.o ABSOLUTE
    ../clib/signal.c                         0x00000000   Number         0  defsig_fpe_formal.o ABSOLUTE
    ../clib/signal.c                         0x00000000   Number         0  defsig_abrt_inner.o ABSOLUTE
    ../clib/signal.c                         0x00000000   Number         0  __raise.o ABSOLUTE
    ../clib/signal.c                         0x00000000   Number         0  defsig_fpe_inner.o ABSOLUTE
    ../clib/signal.c                         0x00000000   Number         0  defsig_rtred_inner.o ABSOLUTE
    ../clib/signal.c                         0x00000000   Number         0  defsig_general.o ABSOLUTE
    ../clib/signal.c                         0x00000000   Number         0  defsig_rtmem_inner.o ABSOLUTE
    ../clib/signal.s                         0x00000000   Number         0  defsig.o ABSOLUTE
    ../clib/stdlib.c                         0x00000000   Number         0  exit.o ABSOLUTE
    ../fplib/cfplib/fpinit.c                 0x00000000   Number         0  fpinit.o ABSOLUTE
    ..\Display\display.c                     0x00000000   Number         0  display.o ABSOLUTE
    ..\Esp\esp.c                             0x00000000   Number         0  esp.o ABSOLUTE
    ..\Queue\queue.c                         0x00000000   Number         0  queue.o ABSOLUTE
    ..\\Display\\display.c                   0x00000000   Number         0  display.o ABSOLUTE
    ..\\Esp\\esp.c                           0x00000000   Number         0  esp.o ABSOLUTE
    ..\\Queue\\queue.c                       0x00000000   Number         0  queue.o ABSOLUTE
    RTE\Device\MKL25Z128xxx4\startup_MKL25Z4.s 0x00000000   Number         0  startup_mkl25z4.o ABSOLUTE
    RTE\Device\MKL25Z128xxx4\system_MKL25Z4.c 0x00000000   Number         0  system_mkl25z4.o ABSOLUTE
    RTE\\Device\\MKL25Z128xxx4\\system_MKL25Z4.c 0x00000000   Number         0  system_mkl25z4.o ABSOLUTE
    dc.s                                     0x00000000   Number         0  dc.o ABSOLUTE
    main.c                                   0x00000000   Number         0  main.o ABSOLUTE
    main.c                                   0x00000000   Number         0  main.o ABSOLUTE
    !!!main                                  0x000000c0   Section        8  __main.o(!!!main)
    !!!scatter                               0x000000c8   Section       60  __scatter.o(!!!scatter)
    !!handler_zi                             0x00000104   Section       28  __scatter_zi.o(!!handler_zi)
    .ARM.Collect$$libinit$$00000000          0x00000120   Section        2  libinit.o(.ARM.Collect$$libinit$$00000000)
    .ARM.Collect$$libinit$$00000002          0x00000122   Section        0  libinit2.o(.ARM.Collect$$libinit$$00000002)
    .ARM.Collect$$libinit$$00000004          0x00000122   Section        0  libinit2.o(.ARM.Collect$$libinit$$00000004)
    .ARM.Collect$$libinit$$00000005          0x00000122   Section        8  libinit2.o(.ARM.Collect$$libinit$$00000005)
    .ARM.Collect$$libinit$$0000000A          0x0000012a   Section        0  libinit2.o(.ARM.Collect$$libinit$$0000000A)
    .ARM.Collect$$libinit$$0000000C          0x0000012a   Section        0  libinit2.o(.ARM.Collect$$libinit$$0000000C)
    .ARM.Collect$$libinit$$0000000E          0x0000012a   Section        0  libinit2.o(.ARM.Collect$$libinit$$0000000E)
    .ARM.Collect$$libinit$$00000011          0x0000012a   Section        0  libinit2.o(.ARM.Collect$$libinit$$00000011)
    .ARM.Collect$$libinit$$00000013          0x0000012a   Section        0  libinit2.o(.ARM.Collect$$libinit$$00000013)
    .ARM.Collect$$libinit$$00000015          0x0000012a   Section        0  libinit2.o(.ARM.Collect$$libinit$$00000015)
    .ARM.Collect$$libinit$$00000017          0x0000012a   Section        0  libinit2.o(.ARM.Collect$$libinit$$00000017)
    .ARM.Collect$$libinit$$00000019          0x0000012a   Section        0  libinit2.o(.ARM.Collect$$libinit$$00000019)
    .ARM.Collect$$libinit$$0000001B          0x0000012a   Section        0  libinit2.o(.ARM.Collect$$libinit$$0000001B)
    .ARM.Collect$$libinit$$0000001D          0x0000012a   Section        0  libinit2.o(.ARM.Collect$$libinit$$0000001D)
    .ARM.Collect$$libinit$$0000001F          0x0000012a   Section        0  libinit2.o(.ARM.Collect$$libinit$$0000001F)
    .ARM.Collect$$libinit$$00000021          0x0000012a   Section        0  libinit2.o(.ARM.Collect$$libinit$$00000021)
    .ARM.Collect$$libinit$$00000023          0x0000012a   Section        0  libinit2.o(.ARM.Collect$$libinit$$00000023)
    .ARM.Collect$$libinit$$00000025          0x0000012a   Section        0  libinit2.o(.ARM.Collect$$libinit$$00000025)
    .ARM.Collect$$libinit$$0000002C          0x0000012a   Section        0  libinit2.o(.ARM.Collect$$libinit$$0000002C)
    .ARM.Collect$$libinit$$0000002E          0x0000012a   Section        0  libinit2.o(.ARM.Collect$$libinit$$0000002E)
    .ARM.Collect$$libinit$$00000030          0x0000012a   Section        0  libinit2.o(.ARM.Collect$$libinit$$00000030)
    .ARM.Collect$$libinit$$00000032          0x0000012a   Section        0  libinit2.o(.ARM.Collect$$libinit$$00000032)
    .ARM.Collect$$libinit$$00000033          0x0000012a   Section        2  libinit2.o(.ARM.Collect$$libinit$$00000033)
    .ARM.Collect$$libshutdown$$00000000      0x0000012c   Section        2  libshutdown.o(.ARM.Collect$$libshutdown$$00000000)
    .ARM.Collect$$libshutdown$$00000002      0x0000012e   Section        0  libshutdown2.o(.ARM.Collect$$libshutdown$$00000002)
    .ARM.Collect$$libshutdown$$00000004      0x0000012e   Section        0  libshutdown2.o(.ARM.Collect$$libshutdown$$00000004)
    .ARM.Collect$$libshutdown$$00000007      0x0000012e   Section        0  libshutdown2.o(.ARM.Collect$$libshutdown$$00000007)
    .ARM.Collect$$libshutdown$$0000000A      0x0000012e   Section        0  libshutdown2.o(.ARM.Collect$$libshutdown$$0000000A)
    .ARM.Collect$$libshutdown$$0000000C      0x0000012e   Section        0  libshutdown2.o(.ARM.Collect$$libshutdown$$0000000C)
    .ARM.Collect$$libshutdown$$0000000F      0x0000012e   Section        0  libshutdown2.o(.ARM.Collect$$libshutdown$$0000000F)
    .ARM.Collect$$libshutdown$$00000010      0x0000012e   Section        2  libshutdown2.o(.ARM.Collect$$libshutdown$$00000010)
    .ARM.Collect$$rtentry$$00000000          0x00000130   Section        0  __rtentry.o(.ARM.Collect$$rtentry$$00000000)
    .ARM.Collect$$rtentry$$00000002          0x00000130   Section        0  __rtentry2.o(.ARM.Collect$$rtentry$$00000002)
    .ARM.Collect$$rtentry$$00000004          0x00000130   Section        6  __rtentry4.o(.ARM.Collect$$rtentry$$00000004)
    .ARM.Collect$$rtentry$$00000009          0x00000136   Section        0  __rtentry2.o(.ARM.Collect$$rtentry$$00000009)
    .ARM.Collect$$rtentry$$0000000A          0x00000136   Section        4  __rtentry2.o(.ARM.Collect$$rtentry$$0000000A)
    .ARM.Collect$$rtentry$$0000000C          0x0000013a   Section        0  __rtentry2.o(.ARM.Collect$$rtentry$$0000000C)
    .ARM.Collect$$rtentry$$0000000D          0x0000013a   Section        8  __rtentry2.o(.ARM.Collect$$rtentry$$0000000D)
    .ARM.Collect$$rtexit$$00000000           0x00000142   Section        2  rtexit.o(.ARM.Collect$$rtexit$$00000000)
    .ARM.Collect$$rtexit$$00000002           0x00000144   Section        0  rtexit2.o(.ARM.Collect$$rtexit$$00000002)
    .ARM.Collect$$rtexit$$00000003           0x00000144   Section        4  rtexit2.o(.ARM.Collect$$rtexit$$00000003)
    .ARM.Collect$$rtexit$$00000004           0x00000148   Section        6  rtexit2.o(.ARM.Collect$$rtexit$$00000004)
    .emb_text                                0x00000150   Section       56  rt_memcpy.o(.emb_text)
    .emb_text                                0x00000188   Section        0  maybetermalloc1.o(.emb_text)
    .text                                    0x00000188   Section       68  startup_mkl25z4.o(.text)
    .text                                    0x000001cc   Section        0  h1_alloc.o(.text)
    .text                                    0x0000022e   Section        0  heapauxi.o(.text)
    .text                                    0x00000234   Section        8  rt_heap_descriptor_intlibspace.o(.text)
    .text                                    0x0000023c   Section        0  hguard.o(.text)
    .text                                    0x00000240   Section        0  init_alloc.o(.text)
    .text                                    0x000002c8   Section        0  h1_init.o(.text)
    .text                                    0x000002d6   Section        0  h1_free.o(.text)
    .text                                    0x00000324   Section        8  libspace.o(.text)
    .text                                    0x0000032c   Section        0  h1_extend.o(.text)
    .text                                    0x00000360   Section        0  defsig_rtmem_outer.o(.text)
    .text                                    0x0000036c   Section        2  use_no_semi.o(.text)
    .text                                    0x0000036e   Section        0  indicate_semi.o(.text)
    .text                                    0x0000036e   Section       62  sys_stackheap_outer.o(.text)
    .text                                    0x000003ac   Section        0  exit.o(.text)
    .text                                    0x000003bc   Section        0  defsig_exit.o(.text)
    .text                                    0x000003c8   Section        0  sys_exit.o(.text)
    .text                                    0x000003d4   Section        0  sys_wrch.o(.text)
    i.accelerometer_task                     0x000003e0   Section        0  main.o(i.accelerometer_task)
    i.speaker_task                           0x000003fc   Section        0  main.o(i.speaker_task)
    .ARM.__at_0x400                          0x00000400   Section       16  startup_mkl25z4.o(.ARM.__at_0x400)
    .text                                    0x00000410   Section        0  defsig_rtmem_inner.o(.text)
    .text                                    0x00000460   Section        0  defsig_general.o(.text)
    i.SystemInit                             0x00000494   Section        0  system_mkl25z4.o(i.SystemInit)
    i.clearDOGM                              0x000005cc   Section        0  display.o(i.clearDOGM)
    i.config_ESP                             0x000005e4   Section        0  esp.o(i.config_ESP)
    i.config_UART                            0x00000734   Section        0  esp.o(i.config_UART)
    i.config_spi                             0x000007e4   Section        0  display.o(i.config_spi)
    i.display_task                           0x000008e0   Section        0  main.o(i.display_task)
    i.esp_task                               0x0000091c   Section        0  main.o(i.esp_task)
    i.get_q                                  0x000009a8   Section        0  queue.o(i.get_q)
    i.init_q                                 0x000009dc   Section        0  queue.o(i.init_q)
    i.main                                   0x000009fc   Section        0  main.o(i.main)
    i.prepData                               0x00000a70   Section        0  display.o(i.prepData)
    i.put_q                                  0x00000aa6   Section        0  queue.o(i.put_q)
    i.resetDOGM                              0x00000ad4   Section        0  display.o(i.resetDOGM)
    i.sendData                               0x00000b08   Section        0  display.o(i.sendData)
    i.send_UART                              0x00000b34   Section        0  esp.o(i.send_UART)
    .constdata                               0x00000b4c   Section       37  display.o(.constdata)
    .constdata                               0x00000b74   Section      175  esp.o(.constdata)
    .bss                                     0x1ffff000   Section       36  main.o(.bss)
    .bss                                     0x1ffff024   Section       96  libspace.o(.bss)
    HEAP                                     0x1ffff088   Section     1024  startup_mkl25z4.o(HEAP)
    Heap_Mem                                 0x1ffff088   Data        1024  startup_mkl25z4.o(HEAP)
    STACK                                    0x1ffff488   Section      256  startup_mkl25z4.o(STACK)
    Stack_Mem                                0x1ffff488   Data         256  startup_mkl25z4.o(STACK)
    __initial_sp                             0x1ffff588   Data           0  startup_mkl25z4.o(STACK)

    Global Symbols

    Symbol Name                              Value     Ov Type        Size  Object(Section)

    BuildAttributes$$THM_ISAv3M$S$PE$A:L22$X:L11$S22$IEEE1$IW$USESV6$~STKCKD$USESV7$~SHL$OTIME$ROPI$EBA8$UX$STANDARDLIB$REQ8$PRES8$EABIv2 0x00000000   Number         0  anon$$obj.o ABSOLUTE
    __ARM_use_no_argv                        0x00000000   Number         0  main.o ABSOLUTE
    __Vectors                                0x00000000   Data           4  startup_mkl25z4.o(RESET)
    __ARM_exceptions_init                     - Undefined Weak Reference
    __alloca_initialize                       - Undefined Weak Reference
    __arm_preinit_                            - Undefined Weak Reference
    __cpp_initialize__aeabi_                  - Undefined Weak Reference
    __cxa_finalize                            - Undefined Weak Reference
    __rt_locale                               - Undefined Weak Reference
    __sigvec_lookup                           - Undefined Weak Reference
    __user_heap_extent                        - Undefined Weak Reference
    _atexit_init                              - Undefined Weak Reference
    _call_atexit_fns                          - Undefined Weak Reference
    _clock_init                               - Undefined Weak Reference
    _fp_trap_init                             - Undefined Weak Reference
    _fp_trap_shutdown                         - Undefined Weak Reference
    _get_lc_collate                           - Undefined Weak Reference
    _get_lc_ctype                             - Undefined Weak Reference
    _get_lc_monetary                          - Undefined Weak Reference
    _get_lc_numeric                           - Undefined Weak Reference
    _get_lc_time                              - Undefined Weak Reference
    _getenv_init                              - Undefined Weak Reference
    _handle_redirection                       - Undefined Weak Reference
    _initio                                   - Undefined Weak Reference
    _mutex_acquire                            - Undefined Weak Reference
    _mutex_free                               - Undefined Weak Reference
    _mutex_release                            - Undefined Weak Reference
    _rand_init                                - Undefined Weak Reference
    _signal_finish                            - Undefined Weak Reference
    _signal_init                              - Undefined Weak Reference
    _terminateio                              - Undefined Weak Reference
    __Vectors_End                            0x000000c0   Data           0  startup_mkl25z4.o(RESET)
    __Vectors_Size                           0x000000c0   Number         0  startup_mkl25z4.o ABSOLUTE
    __main                                   0x000000c1   Thumb Code     8  __main.o(!!!main)
    __scatterload                            0x000000c9   Thumb Code     0  __scatter.o(!!!scatter)
    __scatterload_rt2                        0x000000c9   Thumb Code    52  __scatter.o(!!!scatter)
    __scatterload_rt2_thumb_only             0x000000c9   Thumb Code     0  __scatter.o(!!!scatter)
    __scatterload_null                       0x000000d9   Thumb Code     0  __scatter.o(!!!scatter)
    __scatterload_zeroinit                   0x00000105   Thumb Code    28  __scatter_zi.o(!!handler_zi)
    __rt_lib_init                            0x00000121   Thumb Code     0  libinit.o(.ARM.Collect$$libinit$$00000000)
    __rt_lib_init_fp_1                       0x00000123   Thumb Code     0  libinit2.o(.ARM.Collect$$libinit$$00000002)
    __rt_lib_init_heap_2                     0x00000123   Thumb Code     0  libinit2.o(.ARM.Collect$$libinit$$00000005)
    __rt_lib_init_preinit_1                  0x00000123   Thumb Code     0  libinit2.o(.ARM.Collect$$libinit$$00000004)
    __rt_lib_init_alloca_1                   0x0000012b   Thumb Code     0  libinit2.o(.ARM.Collect$$libinit$$0000002E)
    __rt_lib_init_argv_1                     0x0000012b   Thumb Code     0  libinit2.o(.ARM.Collect$$libinit$$0000002C)
    __rt_lib_init_atexit_1                   0x0000012b   Thumb Code     0  libinit2.o(.ARM.Collect$$libinit$$0000001B)
    __rt_lib_init_clock_1                    0x0000012b   Thumb Code     0  libinit2.o(.ARM.Collect$$libinit$$00000021)
    __rt_lib_init_cpp_1                      0x0000012b   Thumb Code     0  libinit2.o(.ARM.Collect$$libinit$$00000032)
    __rt_lib_init_exceptions_1               0x0000012b   Thumb Code     0  libinit2.o(.ARM.Collect$$libinit$$00000030)
    __rt_lib_init_fp_trap_1                  0x0000012b   Thumb Code     0  libinit2.o(.ARM.Collect$$libinit$$0000001F)
    __rt_lib_init_getenv_1                   0x0000012b   Thumb Code     0  libinit2.o(.ARM.Collect$$libinit$$00000023)
    __rt_lib_init_heap_1                     0x0000012b   Thumb Code     0  libinit2.o(.ARM.Collect$$libinit$$0000000A)
    __rt_lib_init_lc_collate_1               0x0000012b   Thumb Code     0  libinit2.o(.ARM.Collect$$libinit$$00000011)
    __rt_lib_init_lc_ctype_1                 0x0000012b   Thumb Code     0  libinit2.o(.ARM.Collect$$libinit$$00000013)
    __rt_lib_init_lc_monetary_1              0x0000012b   Thumb Code     0  libinit2.o(.ARM.Collect$$libinit$$00000015)
    __rt_lib_init_lc_numeric_1               0x0000012b   Thumb Code     0  libinit2.o(.ARM.Collect$$libinit$$00000017)
    __rt_lib_init_lc_time_1                  0x0000012b   Thumb Code     0  libinit2.o(.ARM.Collect$$libinit$$00000019)
    __rt_lib_init_rand_1                     0x0000012b   Thumb Code     0  libinit2.o(.ARM.Collect$$libinit$$0000000E)
    __rt_lib_init_return                     0x0000012b   Thumb Code     0  libinit2.o(.ARM.Collect$$libinit$$00000033)
    __rt_lib_init_signal_1                   0x0000012b   Thumb Code     0  libinit2.o(.ARM.Collect$$libinit$$0000001D)
    __rt_lib_init_stdio_1                    0x0000012b   Thumb Code     0  libinit2.o(.ARM.Collect$$libinit$$00000025)
    __rt_lib_init_user_alloc_1               0x0000012b   Thumb Code     0  libinit2.o(.ARM.Collect$$libinit$$0000000C)
    __rt_lib_shutdown                        0x0000012d   Thumb Code     0  libshutdown.o(.ARM.Collect$$libshutdown$$00000000)
    __rt_lib_shutdown_cpp_1                  0x0000012f   Thumb Code     0  libshutdown2.o(.ARM.Collect$$libshutdown$$00000002)
    __rt_lib_shutdown_fp_trap_1              0x0000012f   Thumb Code     0  libshutdown2.o(.ARM.Collect$$libshutdown$$00000007)
    __rt_lib_shutdown_heap_1                 0x0000012f   Thumb Code     0  libshutdown2.o(.ARM.Collect$$libshutdown$$0000000F)
    __rt_lib_shutdown_return                 0x0000012f   Thumb Code     0  libshutdown2.o(.ARM.Collect$$libshutdown$$00000010)
    __rt_lib_shutdown_signal_1               0x0000012f   Thumb Code     0  libshutdown2.o(.ARM.Collect$$libshutdown$$0000000A)
    __rt_lib_shutdown_stdio_1                0x0000012f   Thumb Code     0  libshutdown2.o(.ARM.Collect$$libshutdown$$00000004)
    __rt_lib_shutdown_user_alloc_1           0x0000012f   Thumb Code     0  libshutdown2.o(.ARM.Collect$$libshutdown$$0000000C)
    __rt_entry                               0x00000131   Thumb Code     0  __rtentry.o(.ARM.Collect$$rtentry$$00000000)
    __rt_entry_presh_1                       0x00000131   Thumb Code     0  __rtentry2.o(.ARM.Collect$$rtentry$$00000002)
    __rt_entry_sh                            0x00000131   Thumb Code     0  __rtentry4.o(.ARM.Collect$$rtentry$$00000004)
    __rt_entry_li                            0x00000137   Thumb Code     0  __rtentry2.o(.ARM.Collect$$rtentry$$0000000A)
    __rt_entry_postsh_1                      0x00000137   Thumb Code     0  __rtentry2.o(.ARM.Collect$$rtentry$$00000009)
    __rt_entry_main                          0x0000013b   Thumb Code     0  __rtentry2.o(.ARM.Collect$$rtentry$$0000000D)
    __rt_entry_postli_1                      0x0000013b   Thumb Code     0  __rtentry2.o(.ARM.Collect$$rtentry$$0000000C)
    __rt_exit                                0x00000143   Thumb Code     0  rtexit.o(.ARM.Collect$$rtexit$$00000000)
    __rt_exit_ls                             0x00000145   Thumb Code     0  rtexit2.o(.ARM.Collect$$rtexit$$00000003)
    __rt_exit_prels_1                        0x00000145   Thumb Code     0  rtexit2.o(.ARM.Collect$$rtexit$$00000002)
    __rt_exit_exit                           0x00000149   Thumb Code     0  rtexit2.o(.ARM.Collect$$rtexit$$00000004)
    __aeabi_memcpy4                          0x00000151   Thumb Code    56  rt_memcpy.o(.emb_text)
    __aeabi_memcpy8                          0x00000151   Thumb Code     0  rt_memcpy.o(.emb_text)
    Reset_Handler                            0x00000189   Thumb Code    12  startup_mkl25z4.o(.text)
    _maybe_terminate_alloc                   0x00000189   Thumb Code     0  maybetermalloc1.o(.emb_text)
    NMI_Handler                              0x00000195   Thumb Code     2  startup_mkl25z4.o(.text)
    HardFault_Handler                        0x00000197   Thumb Code     2  startup_mkl25z4.o(.text)
    SVC_Handler                              0x00000199   Thumb Code     2  startup_mkl25z4.o(.text)
    PendSV_Handler                           0x0000019b   Thumb Code     2  startup_mkl25z4.o(.text)
    SysTick_Handler                          0x0000019d   Thumb Code     2  startup_mkl25z4.o(.text)
    ADC0_IRQHandler                          0x0000019f   Thumb Code     0  startup_mkl25z4.o(.text)
    CMP0_IRQHandler                          0x0000019f   Thumb Code     0  startup_mkl25z4.o(.text)
    DAC0_IRQHandler                          0x0000019f   Thumb Code     0  startup_mkl25z4.o(.text)
    DMA0_IRQHandler                          0x0000019f   Thumb Code     0  startup_mkl25z4.o(.text)
    DMA1_IRQHandler                          0x0000019f   Thumb Code     0  startup_mkl25z4.o(.text)
    DMA2_IRQHandler                          0x0000019f   Thumb Code     0  startup_mkl25z4.o(.text)
    DMA3_IRQHandler                          0x0000019f   Thumb Code     0  startup_mkl25z4.o(.text)
    DefaultISR                               0x0000019f   Thumb Code     0  startup_mkl25z4.o(.text)
    FTFA_IRQHandler                          0x0000019f   Thumb Code     0  startup_mkl25z4.o(.text)
    I2C0_IRQHandler                          0x0000019f   Thumb Code     0  startup_mkl25z4.o(.text)
    I2C1_IRQHandler                          0x0000019f   Thumb Code     0  startup_mkl25z4.o(.text)
    LLWU_IRQHandler                          0x0000019f   Thumb Code     0  startup_mkl25z4.o(.text)
    LPTMR0_IRQHandler                        0x0000019f   Thumb Code     0  startup_mkl25z4.o(.text)
    LVD_LVW_IRQHandler                       0x0000019f   Thumb Code     0  startup_mkl25z4.o(.text)
    MCG_IRQHandler                           0x0000019f   Thumb Code     0  startup_mkl25z4.o(.text)
    PIT_IRQHandler                           0x0000019f   Thumb Code     0  startup_mkl25z4.o(.text)
    PORTA_IRQHandler                         0x0000019f   Thumb Code     0  startup_mkl25z4.o(.text)
    PORTD_IRQHandler                         0x0000019f   Thumb Code     0  startup_mkl25z4.o(.text)
    RTC_IRQHandler                           0x0000019f   Thumb Code     0  startup_mkl25z4.o(.text)
    RTC_Seconds_IRQHandler                   0x0000019f   Thumb Code     0  startup_mkl25z4.o(.text)
    Reserved20_IRQHandler                    0x0000019f   Thumb Code     0  startup_mkl25z4.o(.text)
    Reserved39_IRQHandler                    0x0000019f   Thumb Code     0  startup_mkl25z4.o(.text)
    Reserved45_IRQHandler                    0x0000019f   Thumb Code     0  startup_mkl25z4.o(.text)
    SPI0_IRQHandler                          0x0000019f   Thumb Code     0  startup_mkl25z4.o(.text)
    SPI1_IRQHandler                          0x0000019f   Thumb Code     0  startup_mkl25z4.o(.text)
    TPM0_IRQHandler                          0x0000019f   Thumb Code     0  startup_mkl25z4.o(.text)
    TPM1_IRQHandler                          0x0000019f   Thumb Code     0  startup_mkl25z4.o(.text)
    TPM2_IRQHandler                          0x0000019f   Thumb Code     0  startup_mkl25z4.o(.text)
    TSI0_IRQHandler                          0x0000019f   Thumb Code     0  startup_mkl25z4.o(.text)
    UART0_IRQHandler                         0x0000019f   Thumb Code     0  startup_mkl25z4.o(.text)
    UART1_IRQHandler                         0x0000019f   Thumb Code     0  startup_mkl25z4.o(.text)
    UART2_IRQHandler                         0x0000019f   Thumb Code     0  startup_mkl25z4.o(.text)
    USB0_IRQHandler                          0x0000019f   Thumb Code     0  startup_mkl25z4.o(.text)
    __user_initial_stackheap                 0x000001a5   Thumb Code     0  startup_mkl25z4.o(.text)
    malloc                                   0x000001cd   Thumb Code    98  h1_alloc.o(.text)
    __use_two_region_memory                  0x0000022f   Thumb Code     2  heapauxi.o(.text)
    __rt_heap_escrow                         0x00000231   Thumb Code     2  heapauxi.o(.text)
    __rt_heap_expand                         0x00000233   Thumb Code     2  heapauxi.o(.text)
    __rt_heap_descriptor                     0x00000235   Thumb Code     8  rt_heap_descriptor_intlibspace.o(.text)
    __use_no_heap                            0x0000023d   Thumb Code     2  hguard.o(.text)
    __heap$guard                             0x0000023f   Thumb Code     2  hguard.o(.text)
    _terminate_user_alloc                    0x00000241   Thumb Code     2  init_alloc.o(.text)
    _init_user_alloc                         0x00000243   Thumb Code     2  init_alloc.o(.text)
    __Heap_Full                              0x00000245   Thumb Code    32  init_alloc.o(.text)
    __Heap_Broken                            0x00000265   Thumb Code    10  init_alloc.o(.text)
    _init_alloc                              0x0000026f   Thumb Code    90  init_alloc.o(.text)
    __Heap_Initialize                        0x000002c9   Thumb Code    10  h1_init.o(.text)
    __Heap_DescSize                          0x000002d3   Thumb Code     4  h1_init.o(.text)
    free                                     0x000002d7   Thumb Code    76  h1_free.o(.text)
    __user_libspace                          0x00000325   Thumb Code     8  libspace.o(.text)
    __user_perproc_libspace                  0x00000325   Thumb Code     0  libspace.o(.text)
    __user_perthread_libspace                0x00000325   Thumb Code     0  libspace.o(.text)
    __Heap_ProvideMemory                     0x0000032d   Thumb Code    52  h1_extend.o(.text)
    __rt_SIGRTMEM                            0x00000361   Thumb Code    12  defsig_rtmem_outer.o(.text)
    __I$use$semihosting                      0x0000036d   Thumb Code     0  use_no_semi.o(.text)
    __use_no_semihosting_swi                 0x0000036d   Thumb Code     2  use_no_semi.o(.text)
    __semihosting_library_function           0x0000036f   Thumb Code     0  indicate_semi.o(.text)
    __user_setup_stackheap                   0x0000036f   Thumb Code    62  sys_stackheap_outer.o(.text)
    exit                                     0x000003ad   Thumb Code    16  exit.o(.text)
    __sig_exit                               0x000003bd   Thumb Code    12  defsig_exit.o(.text)
    _sys_exit                                0x000003c9   Thumb Code     8  sys_exit.o(.text)
    _ttywrch                                 0x000003d5   Thumb Code    12  sys_wrch.o(.text)
    accelerometer_task                       0x000003e1   Thumb Code    20  main.o(i.accelerometer_task)
    speaker_task                             0x000003fd   Thumb Code     2  main.o(i.speaker_task)
    __rt_SIGRTMEM_inner                      0x00000411   Thumb Code    22  defsig_rtmem_inner.o(.text)
    __default_signal_display                 0x00000461   Thumb Code    52  defsig_general.o(.text)
    SystemInit                               0x00000495   Thumb Code   266  system_mkl25z4.o(i.SystemInit)
    clearDOGM                                0x000005cd   Thumb Code    24  display.o(i.clearDOGM)
    config_ESP                               0x000005e5   Thumb Code   324  esp.o(i.config_ESP)
    config_UART                              0x00000735   Thumb Code   160  esp.o(i.config_UART)
    config_spi                               0x000007e5   Thumb Code   234  display.o(i.config_spi)
    display_task                             0x000008e1   Thumb Code    52  main.o(i.display_task)
    esp_task                                 0x0000091d   Thumb Code   120  main.o(i.esp_task)
    get_q                                    0x000009a9   Thumb Code    52  queue.o(i.get_q)
    init_q                                   0x000009dd   Thumb Code    30  queue.o(i.init_q)
    main                                     0x000009fd   Thumb Code   100  main.o(i.main)
    prepData                                 0x00000a71   Thumb Code    54  display.o(i.prepData)
    put_q                                    0x00000aa7   Thumb Code    44  queue.o(i.put_q)
    resetDOGM                                0x00000ad5   Thumb Code    42  display.o(i.resetDOGM)
    sendData                                 0x00000b09   Thumb Code    38  display.o(i.sendData)
    send_UART                                0x00000b35   Thumb Code    20  esp.o(i.send_UART)
    dogm_init_seq                            0x00000b4c   Data          11  display.o(.constdata)
    printSeq                                 0x00000b57   Data          26  display.o(.constdata)
    Send_data_in_multiple_connection_mode    0x00000b74   Data          20  esp.o(.constdata)
    message                                  0x00000b88   Data           5  esp.o(.constdata)
    Close_connection                         0x00000b8d   Data          17  esp.o(.constdata)
    Region$$Table$$Base                      0x00000c24   Number         0  anon$$obj.o(Region$$Table)
    Region$$Table$$Limit                     0x00000c34   Number         0  anon$$obj.o(Region$$Table)
    displayQ                                 0x1ffff000   Data          12  main.o(.bss)
    speakerQ                                 0x1ffff00c   Data          12  main.o(.bss)
    espQ                                     0x1ffff018   Data          12  main.o(.bss)
    __libspace_start                         0x1ffff024   Data          96  libspace.o(.bss)
    __temporary_stack_top$libspace           0x1ffff084   Data           0  libspace.o(.bss)



==============================================================================

Memory Map of the image

  Image Entry point : 0x00000189

  Load Region LR_1 (Base: 0x00000000, Size: 0x00000c34, Max: 0xffffffff, ABSOLUTE)

    Execution Region ER_RO (Exec base: 0x00000000, Load base: 0x00000000, Size: 0x00000c34, Max: 0xffffffff, ABSOLUTE)

    Exec Addr    Load Addr    Size         Type   Attr      Idx    E Section Name        Object

    0x00000000   0x00000000   0x000000c0   Data   RO          222    RESET               startup_mkl25z4.o
    0x000000c0   0x000000c0   0x00000008   Code   RO          332  * !!!main             c_p.l(__main.o)
    0x000000c8   0x000000c8   0x0000003c   Code   RO          551    !!!scatter          c_p.l(__scatter.o)
    0x00000104   0x00000104   0x0000001c   Code   RO          553    !!handler_zi        c_p.l(__scatter_zi.o)
    0x00000120   0x00000120   0x00000002   Code   RO          489    .ARM.Collect$$libinit$$00000000  c_p.l(libinit.o)
    0x00000122   0x00000122   0x00000000   Code   RO          375    .ARM.Collect$$libinit$$00000002  c_p.l(libinit2.o)
    0x00000122   0x00000122   0x00000000   Code   RO          377    .ARM.Collect$$libinit$$00000004  c_p.l(libinit2.o)
    0x00000122   0x00000122   0x00000008   Code   RO          378    .ARM.Collect$$libinit$$00000005  c_p.l(libinit2.o)
    0x0000012a   0x0000012a   0x00000000   Code   RO          380    .ARM.Collect$$libinit$$0000000A  c_p.l(libinit2.o)
    0x0000012a   0x0000012a   0x00000000   Code   RO          382    .ARM.Collect$$libinit$$0000000C  c_p.l(libinit2.o)
    0x0000012a   0x0000012a   0x00000000   Code   RO          384    .ARM.Collect$$libinit$$0000000E  c_p.l(libinit2.o)
    0x0000012a   0x0000012a   0x00000000   Code   RO          387    .ARM.Collect$$libinit$$00000011  c_p.l(libinit2.o)
    0x0000012a   0x0000012a   0x00000000   Code   RO          389    .ARM.Collect$$libinit$$00000013  c_p.l(libinit2.o)
    0x0000012a   0x0000012a   0x00000000   Code   RO          391    .ARM.Collect$$libinit$$00000015  c_p.l(libinit2.o)
    0x0000012a   0x0000012a   0x00000000   Code   RO          393    .ARM.Collect$$libinit$$00000017  c_p.l(libinit2.o)
    0x0000012a   0x0000012a   0x00000000   Code   RO          395    .ARM.Collect$$libinit$$00000019  c_p.l(libinit2.o)
    0x0000012a   0x0000012a   0x00000000   Code   RO          397    .ARM.Collect$$libinit$$0000001B  c_p.l(libinit2.o)
    0x0000012a   0x0000012a   0x00000000   Code   RO          399    .ARM.Collect$$libinit$$0000001D  c_p.l(libinit2.o)
    0x0000012a   0x0000012a   0x00000000   Code   RO          401    .ARM.Collect$$libinit$$0000001F  c_p.l(libinit2.o)
    0x0000012a   0x0000012a   0x00000000   Code   RO          403    .ARM.Collect$$libinit$$00000021  c_p.l(libinit2.o)
    0x0000012a   0x0000012a   0x00000000   Code   RO          405    .ARM.Collect$$libinit$$00000023  c_p.l(libinit2.o)
    0x0000012a   0x0000012a   0x00000000   Code   RO          407    .ARM.Collect$$libinit$$00000025  c_p.l(libinit2.o)
    0x0000012a   0x0000012a   0x00000000   Code   RO          411    .ARM.Collect$$libinit$$0000002C  c_p.l(libinit2.o)
    0x0000012a   0x0000012a   0x00000000   Code   RO          413    .ARM.Collect$$libinit$$0000002E  c_p.l(libinit2.o)
    0x0000012a   0x0000012a   0x00000000   Code   RO          415    .ARM.Collect$$libinit$$00000030  c_p.l(libinit2.o)
    0x0000012a   0x0000012a   0x00000000   Code   RO          417    .ARM.Collect$$libinit$$00000032  c_p.l(libinit2.o)
    0x0000012a   0x0000012a   0x00000002   Code   RO          418    .ARM.Collect$$libinit$$00000033  c_p.l(libinit2.o)
    0x0000012c   0x0000012c   0x00000002   Code   RO          548    .ARM.Collect$$libshutdown$$00000000  c_p.l(libshutdown.o)
    0x0000012e   0x0000012e   0x00000000   Code   RO          506    .ARM.Collect$$libshutdown$$00000002  c_p.l(libshutdown2.o)
    0x0000012e   0x0000012e   0x00000000   Code   RO          508    .ARM.Collect$$libshutdown$$00000004  c_p.l(libshutdown2.o)
    0x0000012e   0x0000012e   0x00000000   Code   RO          511    .ARM.Collect$$libshutdown$$00000007  c_p.l(libshutdown2.o)
    0x0000012e   0x0000012e   0x00000000   Code   RO          514    .ARM.Collect$$libshutdown$$0000000A  c_p.l(libshutdown2.o)
    0x0000012e   0x0000012e   0x00000000   Code   RO          516    .ARM.Collect$$libshutdown$$0000000C  c_p.l(libshutdown2.o)
    0x0000012e   0x0000012e   0x00000000   Code   RO          519    .ARM.Collect$$libshutdown$$0000000F  c_p.l(libshutdown2.o)
    0x0000012e   0x0000012e   0x00000002   Code   RO          520    .ARM.Collect$$libshutdown$$00000010  c_p.l(libshutdown2.o)
    0x00000130   0x00000130   0x00000000   Code   RO          336    .ARM.Collect$$rtentry$$00000000  c_p.l(__rtentry.o)
    0x00000130   0x00000130   0x00000000   Code   RO          425    .ARM.Collect$$rtentry$$00000002  c_p.l(__rtentry2.o)
    0x00000130   0x00000130   0x00000006   Code   RO          437    .ARM.Collect$$rtentry$$00000004  c_p.l(__rtentry4.o)
    0x00000136   0x00000136   0x00000000   Code   RO          427    .ARM.Collect$$rtentry$$00000009  c_p.l(__rtentry2.o)
    0x00000136   0x00000136   0x00000004   Code   RO          428    .ARM.Collect$$rtentry$$0000000A  c_p.l(__rtentry2.o)
    0x0000013a   0x0000013a   0x00000000   Code   RO          430    .ARM.Collect$$rtentry$$0000000C  c_p.l(__rtentry2.o)
    0x0000013a   0x0000013a   0x00000008   Code   RO          431    .ARM.Collect$$rtentry$$0000000D  c_p.l(__rtentry2.o)
    0x00000142   0x00000142   0x00000002   Code   RO          493    .ARM.Collect$$rtexit$$00000000  c_p.l(rtexit.o)
    0x00000144   0x00000144   0x00000000   Code   RO          524    .ARM.Collect$$rtexit$$00000002  c_p.l(rtexit2.o)
    0x00000144   0x00000144   0x00000004   Code   RO          525    .ARM.Collect$$rtexit$$00000003  c_p.l(rtexit2.o)
    0x00000148   0x00000148   0x00000006   Code   RO          526    .ARM.Collect$$rtexit$$00000004  c_p.l(rtexit2.o)
    0x0000014e   0x0000014e   0x00000002   PAD
    0x00000150   0x00000150   0x00000038   Code   RO          322    .emb_text           c_p.l(rt_memcpy.o)
    0x00000188   0x00000188   0x00000000   Code   RO          443    .emb_text           c_p.l(maybetermalloc1.o)
    0x00000188   0x00000188   0x00000044   Code   RO          224  * .text               startup_mkl25z4.o
    0x000001cc   0x000001cc   0x00000062   Code   RO          268    .text               c_p.l(h1_alloc.o)
    0x0000022e   0x0000022e   0x00000006   Code   RO          330    .text               c_p.l(heapauxi.o)
    0x00000234   0x00000234   0x00000008   Code   RO          344    .text               c_p.l(rt_heap_descriptor_intlibspace.o)
    0x0000023c   0x0000023c   0x00000004   Code   RO          346    .text               c_p.l(hguard.o)
    0x00000240   0x00000240   0x00000088   Code   RO          348    .text               c_p.l(init_alloc.o)
    0x000002c8   0x000002c8   0x0000000e   Code   RO          354    .text               c_p.l(h1_init.o)
    0x000002d6   0x000002d6   0x0000004c   Code   RO          356    .text               c_p.l(h1_free.o)
    0x00000322   0x00000322   0x00000002   PAD
    0x00000324   0x00000324   0x00000008   Code   RO          421    .text               c_p.l(libspace.o)
    0x0000032c   0x0000032c   0x00000034   Code   RO          445    .text               c_p.l(h1_extend.o)
    0x00000360   0x00000360   0x0000000c   Code   RO          449    .text               c_p.l(defsig_rtmem_outer.o)
    0x0000036c   0x0000036c   0x00000002   Code   RO          460    .text               c_p.l(use_no_semi.o)
    0x0000036e   0x0000036e   0x00000000   Code   RO          462    .text               c_p.l(indicate_semi.o)
    0x0000036e   0x0000036e   0x0000003e   Code   RO          463    .text               c_p.l(sys_stackheap_outer.o)
    0x000003ac   0x000003ac   0x00000010   Code   RO          470    .text               c_p.l(exit.o)
    0x000003bc   0x000003bc   0x0000000c   Code   RO          472    .text               c_p.l(defsig_exit.o)
    0x000003c8   0x000003c8   0x0000000c   Code   RO          490    .text               c_p.l(sys_exit.o)
    0x000003d4   0x000003d4   0x0000000c   Code   RO          521    .text               c_p.l(sys_wrch.o)
    0x000003e0   0x000003e0   0x0000001c   Code   RO            3    i.accelerometer_task  main.o
    0x000003fc   0x000003fc   0x00000002   Code   RO            7    i.speaker_task      main.o
    0x000003fe   0x000003fe   0x00000002   PAD
    0x00000400   0x00000400   0x00000010   Code   RO          223    .ARM.__at_0x400     startup_mkl25z4.o
    0x00000410   0x00000410   0x00000050   Code   RO          478    .text               c_p.l(defsig_rtmem_inner.o)
    0x00000460   0x00000460   0x00000034   Code   RO          501    .text               c_p.l(defsig_general.o)
    0x00000494   0x00000494   0x00000138   Code   RO          233    i.SystemInit        system_mkl25z4.o
    0x000005cc   0x000005cc   0x00000018   Code   RO           99    i.clearDOGM         display.o
    0x000005e4   0x000005e4   0x00000150   Code   RO          181    i.config_ESP        esp.o
    0x00000734   0x00000734   0x000000b0   Code   RO          182    i.config_UART       esp.o
    0x000007e4   0x000007e4   0x000000fc   Code   RO          100    i.config_spi        display.o
    0x000008e0   0x000008e0   0x0000003c   Code   RO            4    i.display_task      main.o
    0x0000091c   0x0000091c   0x0000008c   Code   RO            5    i.esp_task          main.o
    0x000009a8   0x000009a8   0x00000034   Code   RO          149    i.get_q             queue.o
    0x000009dc   0x000009dc   0x0000001e   Code   RO          150    i.init_q            queue.o
    0x000009fa   0x000009fa   0x00000002   PAD
    0x000009fc   0x000009fc   0x00000074   Code   RO            6    i.main              main.o
    0x00000a70   0x00000a70   0x00000036   Code   RO          101    i.prepData          display.o
    0x00000aa6   0x00000aa6   0x0000002c   Code   RO          151    i.put_q             queue.o
    0x00000ad2   0x00000ad2   0x00000002   PAD
    0x00000ad4   0x00000ad4   0x00000034   Code   RO          102    i.resetDOGM         display.o
    0x00000b08   0x00000b08   0x0000002c   Code   RO          103    i.sendData          display.o
    0x00000b34   0x00000b34   0x00000018   Code   RO          183    i.send_UART         esp.o
    0x00000b4c   0x00000b4c   0x00000025   Data   RO          104    .constdata          display.o
    0x00000b71   0x00000b71   0x00000003   PAD
    0x00000b74   0x00000b74   0x000000af   Data   RO          184    .constdata          esp.o
    0x00000c23   0x00000c23   0x00000001   PAD
    0x00000c24   0x00000c24   0x00000010   Data   RO          549    Region$$Table       anon$$obj.o


    Execution Region ER_RW (Exec base: 0x1ffff000, Load base: 0x00000c34, Size: 0x00000000, Max: 0xffffffff, ABSOLUTE)

    **** No section assigned to this execution region ****


    Execution Region ER_ZI (Exec base: 0x1ffff000, Load base: 0x00000c34, Size: 0x00000588, Max: 0xffffffff, ABSOLUTE)

    Exec Addr    Load Addr    Size         Type   Attr      Idx    E Section Name        Object

    0x1ffff000        -       0x00000024   Zero   RW            8    .bss                main.o
    0x1ffff024        -       0x00000060   Zero   RW          422    .bss                c_p.l(libspace.o)
    0x1ffff084   0x00000c34   0x00000004   PAD
    0x1ffff088        -       0x00000400   Zero   RW          221    HEAP                startup_mkl25z4.o
    0x1ffff488        -       0x00000100   Zero   RW          220    STACK               startup_mkl25z4.o


==============================================================================

Image component sizes


      Code (inc. data)   RO Data    RW Data    ZI Data      Debug   Object Name

       426         34         37          0          0       3176   display.o
       536         32        175          0          0       3036   esp.o
       346         52          0          0         36       7722   main.o
       126          0          0          0          0       2137   queue.o
        84         48        192          0       1280        896   startup_mkl25z4.o
       312         46          0          0          0        585   system_mkl25z4.o

    ----------------------------------------------------------------------
      1836        212        424          0       1316      17552   Object Totals
         0          0         16          0          0          0   (incl. Generated)
         6          0          4          0          0          0   (incl. Padding)

    ----------------------------------------------------------------------

      Code (inc. data)   RO Data    RW Data    ZI Data      Debug   Library Member Name

         8          0          0          0          0         68   __main.o
         0          0          0          0          0          0   __rtentry.o
        12          0          0          0          0          0   __rtentry2.o
         6          0          0          0          0          0   __rtentry4.o
        60          8          0          0          0          0   __scatter.o
        28          0          0          0          0          0   __scatter_zi.o
        12          0          0          0          0         68   defsig_exit.o
        52          0          0          0          0         72   defsig_general.o
        80         58          0          0          0         68   defsig_rtmem_inner.o
        12          0          0          0          0         68   defsig_rtmem_outer.o
        16          0          0          0          0         68   exit.o
        98          0          0          0          0         72   h1_alloc.o
        52          0          0          0          0         68   h1_extend.o
        76          0          0          0          0         72   h1_free.o
        14          0          0          0          0         76   h1_init.o
         6          0          0          0          0        136   heapauxi.o
         4          0          0          0          0        120   hguard.o
         0          0          0          0          0          0   indicate_semi.o
       136          0          0          0          0        160   init_alloc.o
         2          0          0          0          0          0   libinit.o
        10          0          0          0          0          0   libinit2.o
         2          0          0          0          0          0   libshutdown.o
         2          0          0          0          0          0   libshutdown2.o
         8          4          0          0         96         68   libspace.o
         0          0          0          0          0          0   maybetermalloc1.o
         8          4          0          0          0         68   rt_heap_descriptor_intlibspace.o
        56          0          0          0          0         68   rt_memcpy.o
         2          0          0          0          0          0   rtexit.o
        10          0          0          0          0          0   rtexit2.o
        12          4          0          0          0         60   sys_exit.o
        62          0          0          0          0         80   sys_stackheap_outer.o
        12          0          0          0          0         68   sys_wrch.o
         2          0          0          0          0         68   use_no_semi.o

    ----------------------------------------------------------------------
       864         78          0          0        100       1596   Library Totals
         4          0          0          0          4          0   (incl. Padding)

    ----------------------------------------------------------------------

      Code (inc. data)   RO Data    RW Data    ZI Data      Debug   Library Name

       860         78          0          0         96       1596   c_p.l

    ----------------------------------------------------------------------
       864         78          0          0        100       1596   Library Totals

    ----------------------------------------------------------------------

==============================================================================


      Code (inc. data)   RO Data    RW Data    ZI Data      Debug   

      2700        290        424          0       1416      17740   Grand Totals
      2700        290        424          0       1416      17740   ELF Image Totals
      2700        290        424          0          0          0   ROM Totals

==============================================================================

    Total RO  Size (Code + RO Data)                 3124 (   3.05kB)
    Total RW  Size (RW Data + ZI Data)              1416 (   1.38kB)
    Total ROM Size (Code + RO Data + RW Data)       3124 (   3.05kB)

==============================================================================

